/Users/ansoncheng/Downloads/CUBus-1/mobile/node_modules/expo-modules-jsi/apple/.DerivedData/Build/Products/Release-iphoneos/ExpoModulesJSI.swiftmodule/arm64-apple-ios.private.swiftinterface:572:30: error: expected type
570 | @_spi(_ConstraintThatIsNotPartOfTheAPIOfThisLibrary)
571 | @available(*, unavailable)
572 | extension Swift::Optional :  where Wrapped : _ConstraintThatIsNotPartOfTheAPIOfThisLibrary {}
    |                              `- error: expected type
573 | @_spi(_ConstraintThatIsNotPartOfTheAPIOfThisLibrary)
574 | @available(*, unavailable)

/Users/ansoncheng/Downloads/CUBus-1/mobile/node_modules/expo-modules-jsi/apple/.DerivedData/Build/Products/Release-iphoneos/ExpoModulesJSI.swiftmodule/arm64-apple-ios.private.swiftinterface:572:36: error: expected '{' in extension
570 | @_spi(_ConstraintThatIsNotPartOfTheAPIOfThisLibrary)
571 | @available(*, unavailable)
572 | extension Swift::Optional :  where Wrapped : _ConstraintThatIsNotPartOfTheAPIOfThisLibrary {}
    |                                    `- error: expected '{' in extension
573 | @_spi(_ConstraintThatIsNotPartOfTheAPIOfThisLibrary)
574 | @available(*, unavailable)

/Users/ansoncheng/Downloads/CUBus-1/mobile/node_modules/expo-modules-jsi/apple/.DerivedData/Build/Products/Release-iphoneos/ExpoModulesJSI.swiftmodule/arm64-apple-ios.private.swiftinterface:578:27: error: expected type
576 | @_spi(_ConstraintThatIsNotPartOfTheAPIOfThisLibrary)
577 | @available(*, unavailable)
578 | extension Swift::Array :  where Element : _ConstraintThatIsNotPartOfTheAPIOfThisLibrary {}
    |                           `- error: expected type
579 | @_spi(_ConstraintThatIsNotPartOfTheAPIOfThisLibrary)
580 | @available(*, unavailable)

/Users/ansoncheng/Downloads/CUBus-1/mobile/node_modules/expo-modules-jsi/apple/.DerivedData/Build/Products/Release-iphoneos/ExpoModulesJSI.swiftmodule/arm64-apple-ios.private.swiftinterface:578:33: error: expected '{' in extension
576 | @_spi(_ConstraintThatIsNotPartOfTheAPIOfThisLibrary)
577 | @available(*, unavailable)
578 | extension Swift::Array :  where Element : _ConstraintThatIsNotPartOfTheAPIOfThisLibrary {}
    |                                 `- error: expected '{' in extension
579 | @_spi(_ConstraintThatIsNotPartOfTheAPIOfThisLibrary)
580 | @available(*, unavailable)

/Users/ansoncheng/Downloads/CUBus-1/mobile/node_modules/expo-modules-jsi/apple/.DerivedData/Build/Products/Release-iphoneos/ExpoModulesJSI.swiftmodule/arm64-apple-ios.private.swiftinterface:584:32: error: expected type
582 | @_spi(_ConstraintThatIsNotPartOfTheAPIOfThisLibrary)
583 | @available(*, unavailable)
584 | extension Swift::Dictionary :  where Key : _ConstraintThatIsNotPartOfTheAPIOfThisLibrary {}
    |                                `- error: expected type
585 | @_spi(_ConstraintThatIsNotPartOfTheAPIOfThisLibrary)
586 | @available(*, unavailable)

/Users/ansoncheng/Downloads/CUBus-1/mobile/node_modules/expo-modules-jsi/apple/.DerivedData/Build/Products/Release-iphoneos/ExpoModulesJSI.swiftmodule/arm64-apple-ios.private.swiftinterface:584:38: error: expected '{' in extension
582 | @_spi(_ConstraintThatIsNotPartOfTheAPIOfThisLibrary)
583 | @available(*, unavailable)
584 | extension Swift::Dictionary :  where Key : _ConstraintThatIsNotPartOfTheAPIOfThisLibrary {}
    |                                      `- error: expected '{' in extension
585 | @_spi(_ConstraintThatIsNotPartOfTheAPIOfThisLibrary)
586 | @available(*, unavailable)

/Users/ansoncheng/Downloads/CUBus-1/mobile/node_modules/expo-modules-jsi/apple/.DerivedData/Build/Products/Release-iphoneos/ExpoModulesJSI.swiftmodule/arm64-apple-ios.private.swiftinterface:590:44: error: expected type
588 | @_spi(_ConstraintThatIsNotPartOfTheAPIOfThisLibrary)
589 | @available(*, unavailable)
590 | extension ExpoModulesJSI::JavaScriptRef :  where T : _ConstraintThatIsNotPartOfTheAPIOfThisLibrary {}
    |                                            `- error: expected type
591 | extension ExpoModulesJSI::JavaScriptRuntime.ExpoModulesJSI::SchedulerPriority : Swift::Equatable {}
592 | extension ExpoModulesJSI::JavaScriptRuntime.ExpoModulesJSI::SchedulerPriority : Swift::Hashable {}

/Users/ansoncheng/Downloads/CUBus-1/mobile/node_modules/expo-modules-jsi/apple/.DerivedData/Build/Products/Release-iphoneos/ExpoModulesJSI.swiftmodule/arm64-apple-ios.private.swiftinterface:590:50: error: expected '{' in extension
588 | @_spi(_ConstraintThatIsNotPartOfTheAPIOfThisLibrary)
589 | @available(*, unavailable)
590 | extension ExpoModulesJSI::JavaScriptRef :  where T : _ConstraintThatIsNotPartOfTheAPIOfThisLibrary {}
    |                                                  `- error: expected '{' in extension
591 | extension ExpoModulesJSI::JavaScriptRuntime.ExpoModulesJSI::SchedulerPriority : Swift::Equatable {}
592 | extension ExpoModulesJSI::JavaScriptRuntime.ExpoModulesJSI::SchedulerPriority : Swift::Hashable {}

/Users/ansoncheng/Downloads/CUBus-1/mobile/node_modules/expo-modules-jsi/apple/.DerivedData/Build/Products/Release-iphoneos/ExpoModulesJSI.swiftmodule/arm64-apple-ios.private.swiftinterface:289:19: error: cannot find type '__ObjC::expo' in scope
287 |   public func toJavaScriptValue(in runtime: ExpoModulesJSI::JavaScriptRuntime) -> ExpoModulesJSI::JavaScriptValue
288 | }
289 | extension __ObjC::expo.__ObjC::CppError : Swift::Error {
    |                   `- error: cannot find type '__ObjC::expo' in scope
290 |   public var message: Swift::String {
291 |     get

/Users/ansoncheng/Downloads/CUBus-1/mobile/node_modules/expo-modules-jsi/apple/.DerivedData/Build/Products/Release-iphoneos/ExpoModulesJSI.swiftmodule/arm64-apple-ios.private.swiftinterface:1:1: error: failed to build module 'ExpoModulesJSI'; this SDK is not supported by the compiler (the SDK is built with 'Apple Swift version 6.4 (swiftlang-6.4.0.20.104 clang-2100.3.20.102)', while this compiler is 'Apple Swift version 6.3.2 (swiftlang-6.3.2.1.108 clang-2100.1.1.101)'). Please select a toolchain which matches the SDK.
  1 | // swift-interface-format-version: 1.0
    | `- error: failed to build module 'ExpoModulesJSI'; this SDK is not supported by the compiler (the SDK is built with 'Apple Swift version 6.4 (swiftlang-6.4.0.20.104 clang-2100.3.20.102)', while this compiler is 'Apple Swift version 6.3.2 (swiftlang-6.3.2.1.108 clang-2100.1.1.101)'). Please select a toolchain which matches the SDK.
  2 | // swift-compiler-version: Apple Swift version 6.4 (swiftlang-6.4.0.20.104 clang-2100.3.20.102)
  3 | // swift-module-flags: -target arm64-apple-ios16.4 -enable-objc-interop -enable-library-evolution -language-mode 6 -O -enable-upcoming-feature NonisolatedNonsendingByDefault -enable-upcoming-feature InferIsolatedConformances -enable-experimental-feature DebugDescriptionMacro -module-name ExpoModulesJSI -package-name apple

/Users/ansoncheng/Downloads/CUBus-1/mobile/node_modules/@expo/ui/ios/State/WorkletCallback.swift:4:8: error: failed to build module 'ExpoModulesWorklets'; this SDK is not supported by the compiler (the SDK is built with 'Apple Swift version 6.3.1 (swiftlang-6.3.1.1.2 clang-2100.0.123.102)', while this compiler is 'Apple Swift version 6.3.2 (swiftlang-6.3.2.1.108 clang-2100.1.1.101)'). Please select a toolchain which matches the SDK.
 2 | 
 3 | import ExpoModulesCore
 4 | import ExpoModulesWorklets
   |        `- error: failed to build module 'ExpoModulesWorklets'; this SDK is not supported by the compiler (the SDK is built with 'Apple Swift version 6.3.1 (swiftlang-6.3.1.1.2 clang-2100.0.123.102)', while this compiler is 'Apple Swift version 6.3.2 (swiftlang-6.3.2.1.108 clang-2100.1.1.101)'). Please select a toolchain which matches the SDK.
 5 | 
 6 | /**

/Users/ansoncheng/Downloads/CUBus-1/mobile/node_modules/expo-modules-jsi/apple/.DerivedData/Build/Products/Release-iphoneos/ExpoModulesJSI.swiftmodule/arm64-apple-ios.private.swiftinterface: 0:
/Users/ansoncheng/Downloads/CUBus-1/mobile/node_modules/expo-modules-jsi/apple/.DerivedData/Build/Products/Release-iphoneos/ExpoModulesJSI.swiftmodule/arm64-apple-ios.private.swiftinterface: 0:
/Users/ansoncheng/Downloads/CUBus-1/mobile/node_modules/expo-modules-jsi/apple/.DerivedData/Build/Products/Release-iphoneos/ExpoModulesJSI.swiftmodule/arm64-apple-ios.private.swiftinterface: 0:
/Users/ansoncheng/Downloads/CUBus-1/mobile/node_modules/expo-modules-jsi/apple/.DerivedData/Build/Products/Release-iphoneos/ExpoModulesJSI.swiftmodule/arm64-apple-ios.private.swiftinterface: 0:
/Users/ansoncheng/Downloads/CUBus-1/mobile/node_modules/expo-modules-jsi/apple/.DerivedData/Build/Products/Release-iphoneos/ExpoModulesJSI.swiftmodule/arm64-apple-ios.private.swiftinterface: 0:
/Users/ansoncheng/Downloads/CUBus-1/mobile/node_modules/expo-modules-jsi/apple/.DerivedData/Build/Products/Release-iphoneos/ExpoModulesJSI.swiftmodule/arm64-apple-ios.private.swiftinterface: 0:
/Users/ansoncheng/Downloads/CUBus-1/mobile/node_modules/expo-modules-jsi/apple/.DerivedData/Build/Products/Release-iphoneos/ExpoModulesJSI.swiftmodule/arm64-apple-ios.private.swiftinterface: 0:
/Users/ansoncheng/Downloads/CUBus-1/mobile/node_modules/expo-modules-jsi/apple/.DerivedData/Build/Products/Release-iphoneos/ExpoModulesJSI.swiftmodule/arm64-apple-ios.private.swiftinterface: 0:
/Users/ansoncheng/Downloads/CUBus-1/mobile/node_modules/expo-modules-jsi/apple/.DerivedData/Build/Products/Release-iphoneos/ExpoModulesJSI.swiftmodule/arm64-apple-ios.private.swiftinterface: 0:
/Users/ansoncheng/Downloads/CUBus-1/mobile/node_modules/expo-modules-jsi/apple/.DerivedData/Build/Products/Release-iphoneos/ExpoModulesJSI.swiftmodule/arm64-apple-ios.private.swiftinterface: 0: